../Core/Src/rc522.c:14:6:Write_MFRC522	32	static
../Core/Src/rc522.c:47:8:Read_MFRC522	32	static
../Core/Src/rc522.c:85:6:SetBitMask	32	static
../Core/Src/rc522.c:98:6:ClearBitMask	32	static
../Core/Src/rc522.c:112:6:AntennaOn	8	static
../Core/Src/rc522.c:124:6:AntennaOff	8	static
../Core/Src/rc522.c:136:6:MFRC522_Reset	8	static
../Core/Src/rc522.c:147:6:MFRC522_Init	8	static
../Core/Src/rc522.c:180:8:MFRC522_Request	40	static
../Core/Src/rc522.c:208:8:MFRC522_ToCard	48	static
../Core/Src/rc522.c:327:8:MFRC522_Anticoll	40	static
../Core/Src/rc522.c:370:8:MFRC522_Read	40	static
../Core/Src/rc522.c:395:8:MFRC522_Write	72	static
../Core/Src/rc522.c:436:6:CalulateCRC	40	static
../Core/Src/rc522.c:477:8:MFRC522_Auth	64	static
../Core/Src/rc522.c:512:8:MFRC522_SelectTag	64	static
../Core/Src/rc522.c:550:6:MFRC522_Halt	40	static
../Core/Src/rc522.c:564:6:MFRC522_StopCrypto1	8	static
