Archive member included to satisfy reference by file (symbol)

/Applications/STM32CubeIDE.app/Contents/Eclipse/plugins/com.st.stm32cube.ide.mcu.externaltools.gnu-tools-for-stm32.10.3-2021.10.macos64_1.0.0.202111181127/tools/bin/../lib/gcc/arm-none-eabi/10.3.1/../../../../arm-none-eabi/lib/thumb/v6-m/nofp/libc_nano.a(lib_a-errno.o)
                              ./Core/Src/syscalls.o (__errno)
/Applications/STM32CubeIDE.app/Contents/Eclipse/plugins/com.st.stm32cube.ide.mcu.externaltools.gnu-tools-for-stm32.10.3-2021.10.macos64_1.0.0.202111181127/tools/bin/../lib/gcc/arm-none-eabi/10.3.1/../../../../arm-none-eabi/lib/thumb/v6-m/nofp/libc_nano.a(lib_a-exit.o)
                              /Applications/STM32CubeIDE.app/Contents/Eclipse/plugins/com.st.stm32cube.ide.mcu.externaltools.gnu-tools-for-stm32.10.3-2021.10.macos64_1.0.0.202111181127/tools/bin/../lib/gcc/arm-none-eabi/10.3.1/../../../../arm-none-eabi/lib/thumb/v6-m/nofp/crt0.o (exit)
/Applications/STM32CubeIDE.app/Contents/Eclipse/plugins/com.st.stm32cube.ide.mcu.externaltools.gnu-tools-for-stm32.10.3-2021.10.macos64_1.0.0.202111181127/tools/bin/../lib/gcc/arm-none-eabi/10.3.1/../../../../arm-none-eabi/lib/thumb/v6-m/nofp/libc_nano.a(lib_a-impure.o)
                              /Applications/STM32CubeIDE.app/Contents/Eclipse/plugins/com.st.stm32cube.ide.mcu.externaltools.gnu-tools-for-stm32.10.3-2021.10.macos64_1.0.0.202111181127/tools/bin/../lib/gcc/arm-none-eabi/10.3.1/../../../../arm-none-eabi/lib/thumb/v6-m/nofp/libc_nano.a(lib_a-exit.o) (_global_impure_ptr)
/Applications/STM32CubeIDE.app/Contents/Eclipse/plugins/com.st.stm32cube.ide.mcu.externaltools.gnu-tools-for-stm32.10.3-2021.10.macos64_1.0.0.202111181127/tools/bin/../lib/gcc/arm-none-eabi/10.3.1/../../../../arm-none-eabi/lib/thumb/v6-m/nofp/libc_nano.a(lib_a-init.o)
                              /Applications/STM32CubeIDE.app/Contents/Eclipse/plugins/com.st.stm32cube.ide.mcu.externaltools.gnu-tools-for-stm32.10.3-2021.10.macos64_1.0.0.202111181127/tools/bin/../lib/gcc/arm-none-eabi/10.3.1/../../../../arm-none-eabi/lib/thumb/v6-m/nofp/crt0.o (__libc_init_array)
/Applications/STM32CubeIDE.app/Contents/Eclipse/plugins/com.st.stm32cube.ide.mcu.externaltools.gnu-tools-for-stm32.10.3-2021.10.macos64_1.0.0.202111181127/tools/bin/../lib/gcc/arm-none-eabi/10.3.1/../../../../arm-none-eabi/lib/thumb/v6-m/nofp/libc_nano.a(lib_a-memset.o)
                              /Applications/STM32CubeIDE.app/Contents/Eclipse/plugins/com.st.stm32cube.ide.mcu.externaltools.gnu-tools-for-stm32.10.3-2021.10.macos64_1.0.0.202111181127/tools/bin/../lib/gcc/arm-none-eabi/10.3.1/../../../../arm-none-eabi/lib/thumb/v6-m/nofp/crt0.o (memset)
/Applications/STM32CubeIDE.app/Contents/Eclipse/plugins/com.st.stm32cube.ide.mcu.externaltools.gnu-tools-for-stm32.10.3-2021.10.macos64_1.0.0.202111181127/tools/bin/../lib/gcc/arm-none-eabi/10.3.1/thumb/v6-m/nofp/libgcc.a(_udivsi3.o)
                              ./Core/Src/system_stm32f0xx.o (__aeabi_uidiv)
/Applications/STM32CubeIDE.app/Contents/Eclipse/plugins/com.st.stm32cube.ide.mcu.externaltools.gnu-tools-for-stm32.10.3-2021.10.macos64_1.0.0.202111181127/tools/bin/../lib/gcc/arm-none-eabi/10.3.1/thumb/v6-m/nofp/libgcc.a(_dvmd_tls.o)
                              /Applications/STM32CubeIDE.app/Contents/Eclipse/plugins/com.st.stm32cube.ide.mcu.externaltools.gnu-tools-for-stm32.10.3-2021.10.macos64_1.0.0.202111181127/tools/bin/../lib/gcc/arm-none-eabi/10.3.1/thumb/v6-m/nofp/libgcc.a(_udivsi3.o) (__aeabi_idiv0)

Discarded input sections

 .text          0x0000000000000000        0x0 /Applications/STM32CubeIDE.app/Contents/Eclipse/plugins/com.st.stm32cube.ide.mcu.externaltools.gnu-tools-for-stm32.10.3-2021.10.macos64_1.0.0.202111181127/tools/bin/../lib/gcc/arm-none-eabi/10.3.1/thumb/v6-m/nofp/crti.o
 .data          0x0000000000000000        0x0 /Applications/STM32CubeIDE.app/Contents/Eclipse/plugins/com.st.stm32cube.ide.mcu.externaltools.gnu-tools-for-stm32.10.3-2021.10.macos64_1.0.0.202111181127/tools/bin/../lib/gcc/arm-none-eabi/10.3.1/thumb/v6-m/nofp/crti.o
 .bss           0x0000000000000000        0x0 /Applications/STM32CubeIDE.app/Contents/Eclipse/plugins/com.st.stm32cube.ide.mcu.externaltools.gnu-tools-for-stm32.10.3-2021.10.macos64_1.0.0.202111181127/tools/bin/../lib/gcc/arm-none-eabi/10.3.1/thumb/v6-m/nofp/crti.o
 .data          0x0000000000000000        0x4 /Applications/STM32CubeIDE.app/Contents/Eclipse/plugins/com.st.stm32cube.ide.mcu.externaltools.gnu-tools-for-stm32.10.3-2021.10.macos64_1.0.0.202111181127/tools/bin/../lib/gcc/arm-none-eabi/10.3.1/thumb/v6-m/nofp/crtbegin.o
 .rodata        0x0000000000000000       0x24 /Applications/STM32CubeIDE.app/Contents/Eclipse/plugins/com.st.stm32cube.ide.mcu.externaltools.gnu-tools-for-stm32.10.3-2021.10.macos64_1.0.0.202111181127/tools/bin/../lib/gcc/arm-none-eabi/10.3.1/thumb/v6-m/nofp/crtbegin.o
[...]
Memory Configuration

Name             Origin             Length             Attributes
RAM              0x0000000020000000 0x0000000000001000 xrw
FLASH            0x0000000008000000 0x0000000000008000 xr
*default*        0x0000000000000000 0xffffffffffffffff

Linker script and memory map

LOAD /Applications/STM32CubeIDE.app/Contents/Eclipse/plugins/com.st.stm32cube.ide.mcu.externaltools.gnu-tools-for-stm32.10.3-2021.10.macos64_1.0.0.202111181127/tools/bin/../lib/gcc/arm-none-eabi/10.3.1/thumb/v6-m/nofp/crti.o
LOAD /Applications/STM32CubeIDE.app/Contents/Eclipse/plugins/com.st.stm32cube.ide.mcu.externaltools.gnu-tools-for-stm32.10.3-2021.10.macos64_1.0.0.202111181127/tools/bin/../lib/gcc/arm-none-eabi/10.3.1/thumb/v6-m/nofp/crtbegin.o
LOAD /Applications/STM32CubeIDE.app/Contents/Eclipse/plugins/com.st.stm32cube.ide.mcu.externaltools.gnu-tools-for-stm32.10.3-2021.10.macos64_1.0.0.202111181127/tools/bin/../lib/gcc/arm-none-eabi/10.3.1/../../../../arm-none-eabi/lib/thumb/v6-m/nofp/crt0.o
LOAD ./Core/Src/lcd.o
LOAD ./Core/Src/main.o
LOAD ./Core/Src/rc522.o
LOAD ./Core/Src/stm32f0xx_hal_msp.o
LOAD ./Core/Src/stm32f0xx_it.o
LOAD ./Core/Src/syscalls.o
LOAD ./Core/Src/sysmem.o
LOAD ./Core/Src/system_stm32f0xx.o
LOAD ./Core/Startup/startup_stm32f030k6tx.o
LOAD ./Drivers/STM32F0xx_HAL_Driver/Src/stm32f0xx_hal.o
LOAD ./Drivers/STM32F0xx_HAL_Driver/Src/stm32f0xx_hal_cortex.o
LOAD ./Drivers/STM32F0xx_HAL_Driver/Src/stm32f0xx_hal_dma.o
LOAD ./Drivers/STM32F0xx_HAL_Driver/Src/stm32f0xx_hal_exti.o
LOAD ./Drivers/STM32F0xx_HAL_Driver/Src/stm32f0xx_hal_flash.o
LOAD ./Drivers/STM32F0xx_HAL_Driver/Src/stm32f0xx_hal_flash_ex.o
LOAD ./Drivers/STM32F0xx_HAL_Driver/Src/stm32f0xx_hal_gpio.o
LOAD ./Drivers/STM32F0xx_HAL_Driver/Src/stm32f0xx_hal_i2c.o
LOAD ./Drivers/STM32F0xx_HAL_Driver/Src/stm32f0xx_hal_i2c_ex.o
LOAD ./Drivers/STM32F0xx_HAL_Driver/Src/stm32f0xx_hal_pwr.o
LOAD ./Drivers/STM32F0xx_HAL_Driver/Src/stm32f0xx_hal_pwr_ex.o
LOAD ./Drivers/STM32F0xx_HAL_Driver/Src/stm32f0xx_hal_rcc.o
LOAD ./Drivers/STM32F0xx_HAL_Driver/Src/stm32f0xx_hal_rcc_ex.o
LOAD ./Drivers/STM32F0xx_HAL_Driver/Src/stm32f0xx_hal_spi.o
LOAD ./Drivers/STM32F0xx_HAL_Driver/Src/stm32f0xx_hal_spi_ex.o
LOAD ./Drivers/STM32F0xx_HAL_Driver/Src/stm32f0xx_hal_tim.o
LOAD ./Drivers/STM32F0xx_HAL_Driver/Src/stm32f0xx_hal_tim_ex.o
START GROUP
LOAD /Applications/STM32CubeIDE.app/Contents/Eclipse/plugins/com.st.stm32cube.ide.mcu.externaltools.gnu-tools-for-stm32.10.3-2021.10.macos64_1.0.0.202111181127/tools/bin/../lib/gcc/arm-none-eabi/10.3.1/../../../../arm-none-eabi/lib/thumb/v6-m/nofp/libc_nano.a
LOAD /Applications/STM32CubeIDE.app/Contents/Eclipse/plugins/com.st.stm32cube.ide.mcu.externaltools.gnu-tools-for-stm32.10.3-2021.10.macos64_1.0.0.202111181127/tools/bin/../lib/gcc/arm-none-eabi/10.3.1/../../../../arm-none-eabi/lib/thumb/v6-m/nofp/libm.a
END GROUP
START GROUP
LOAD /Applications/STM32CubeIDE.app/Contents/Eclipse/plugins/com.st.stm32cube.ide.mcu.externaltools.gnu-tools-for-stm32.10.3-2021.10.macos64_1.0.0.202111181127/tools/bin/../lib/gcc/arm-none-eabi/10.3.1/thumb/v6-m/nofp/libgcc.a
LOAD /Applications/STM32CubeIDE.app/Contents/Eclipse/plugins/com.st.stm32cube.ide.mcu.externaltools.gnu-tools-for-stm32.10.3-2021.10.macos64_1.0.0.202111181127/tools/bin/../lib/gcc/arm-none-eabi/10.3.1/../../../../arm-none-eabi/lib/thumb/v6-m/nofp/libc_nano.a
END GROUP
START GROUP
LOAD /Applications/STM32CubeIDE.app/Contents/Eclipse/plugins/com.st.stm32cube.ide.mcu.externaltools.gnu-tools-for-stm32.10.3-2021.10.macos64_1.0.0.202111181127/tools/bin/../lib/gcc/arm-none-eabi/10.3.1/thumb/v6-m/nofp/libgcc.a
LOAD /Applications/STM32CubeIDE.app/Contents/Eclipse/plugins/com.st.stm32cube.ide.mcu.externaltools.gnu-tools-for-stm32.10.3-2021.10.macos64_1.0.0.202111181127/tools/bin/../lib/gcc/arm-none-eabi/10.3.1/../../../../arm-none-eabi/lib/thumb/v6-m/nofp/libc_nano.a
LOAD /Applications/STM32CubeIDE.app/Contents/Eclipse/plugins/com.st.stm32cube.ide.mcu.externaltools.gnu-tools-for-stm32.10.3-2021.10.macos64_1.0.0.202111181127/tools/bin/../lib/gcc/arm-none-eabi/10.3.1/../../../../arm-none-eabi/lib/thumb/v6-m/nofp/libnosys.a
END GROUP
START GROUP
LOAD /Applications/STM32CubeIDE.app/Contents/Eclipse/plugins/com.st.stm32cube.ide.mcu.externaltools.gnu-tools-for-stm32.10.3-2021.10.macos64_1.0.0.202111181127/tools/bin/../lib/gcc/arm-none-eabi/10.3.1/thumb/v6-m/nofp/libgcc.a
LOAD /Applications/STM32CubeIDE.app/Contents/Eclipse/plugins/com.st.stm32cube.ide.mcu.externaltools.gnu-tools-for-stm32.10.3-2021.10.macos64_1.0.0.202111181127/tools/bin/../lib/gcc/arm-none-eabi/10.3.1/../../../../arm-none-eabi/lib/thumb/v6-m/nofp/libc_nano.a
LOAD /Applications/STM32CubeIDE.app/Contents/Eclipse/plugins/com.st.stm32cube.ide.mcu.externaltools.gnu-tools-for-stm32.10.3-2021.10.macos64_1.0.0.202111181127/tools/bin/../lib/gcc/arm-none-eabi/10.3.1/../../../../arm-none-eabi/lib/thumb/v6-m/nofp/libnosys.a
END GROUP
LOAD /Applications/STM32CubeIDE.app/Contents/Eclipse/plugins/com.st.stm32cube.ide.mcu.externaltools.gnu-tools-for-stm32.10.3-2021.10.macos64_1.0.0.202111181127/tools/bin/../lib/gcc/arm-none-eabi/10.3.1/thumb/v6-m/nofp/crtend.o
LOAD /Applications/STM32CubeIDE.app/Contents/Eclipse/plugins/com.st.stm32cube.ide.mcu.externaltools.gnu-tools-for-stm32.10.3-2021.10.macos64_1.0.0.202111181127/tools/bin/../lib/gcc/arm-none-eabi/10.3.1/thumb/v6-m/nofp/crtn.o
                0x0000000020001000                _estack = (ORIGIN (RAM) + LENGTH (RAM))
                0x0000000000000200                _Min_Heap_Size = 0x200
                0x0000000000000400                _Min_Stack_Size = 0x400

.isr_vector     0x0000000008000000       0xc0
                0x0000000008000000                . = ALIGN (0x4)
 *(.isr_vector)
 .isr_vector    0x0000000008000000       0xc0 ./Core/Startup/startup_stm32f030k6tx.o
                0x0000000008000000                g_pfnVectors
                0x00000000080000c0                . = ALIGN (0x4)

.text           0x00000000080000c0     0x2bbc
                0x00000000080000c0                . = ALIGN (0x4)
 *(.text)
 .text          0x00000000080000c0       0x48 /Applications/STM32CubeIDE.app/Contents/Eclipse/plugins/com.st.stm32cube.ide.mcu.externaltools.gnu-tools-for-stm32.10.3-2021.10.macos64_1.0.0.202111181127/tools/bin/../lib/gcc/arm-none-eabi/10.3.1/thumb/v6-m/nofp/crtbegin.o
 .text          0x0000000008000108      0x114 /Applications/STM32CubeIDE.app/Contents/Eclipse/plugins/com.st.stm32cube.ide.mcu.externaltools.gnu-tools-for-stm32.10.3-2021.10.macos64_1.0.0.202111181127/tools/bin/../lib/gcc/arm-none-eabi/10.3.1/thumb/v6-m/nofp/libgcc.a(_udivsi3.o)
                0x0000000008000108                __udivsi3
                0x0000000008000108                __aeabi_uidiv
                0x0000000008000214                __aeabi_uidivmod
 .text          0x000000000800021c        0x4 /Applications/STM32CubeIDE.app/Contents/Eclipse/plugins/com.st.stm32cube.ide.mcu.externaltools.gnu-tools-for-stm32.10.3-2021.10.macos64_1.0.0.202111181127/tools/bin/../lib/gcc/arm-none-eabi/10.3.1/thumb/v6-m/nofp/libgcc.a(_dvmd_tls.o)
                0x000000000800021c                __aeabi_ldiv0
                0x000000000800021c                __aeabi_idiv0
 *(.text*)
 .text.delay    0x0000000008000220       0x20 ./Core/Src/lcd.o
                0x0000000008000220                delay
 .text.lcdDelay
                0x0000000008000240       0x14 ./Core/Src/lcd.o
                0x0000000008000240                lcdDelay
 .text.lcdCmd   0x0000000008000254      0x170 ./Core/Src/lcd.o
                0x0000000008000254                lcdCmd
 .text.lcdCharCp
                0x00000000080003c4      0x178 ./Core/Src/lcd.o
                0x00000000080003c4                lcdCharCp
 .text.lcdOutCp
                0x000000000800053c       0x30 ./Core/Src/lcd.o
                0x000000000800053c                lcdOutCp
 .text.lcdInit  0x000000000800056c       0x8e ./Core/Src/lcd.o
                0x000000000800056c                lcdInit
 .text.lcdGotoXY
                0x00000000080005fa       0x48 ./Core/Src/lcd.o
                0x00000000080005fa                lcdGotoXY
 .text.lcdPrint
                0x0000000008000642       0x34 ./Core/Src/lcd.o
                0x0000000008000642                lcdPrint
 .text.lcdClear
                0x0000000008000676       0x16 ./Core/Src/lcd.o
                0x0000000008000676                lcdClear
 .text.main     0x000000000800068c      0x108 ./Core/Src/main.o
                0x000000000800068c                main
 .text.SystemClock_Config
                0x0000000008000794       0x78 ./Core/Src/main.o
                0x0000000008000794                SystemClock_Config
 .text.MX_SPI1_Init
                0x000000000800080c       0x7c ./Core/Src/main.o
 .text.MX_GPIO_Init
                0x0000000008000888       0xe4 ./Core/Src/main.o
 .text.Error_Handler
                0x000000000800096c        0xa ./Core/Src/main.o
                0x000000000800096c                Error_Handler
 *fill*         0x0000000008000976        0x2 
 .text.Write_MFRC522
                0x0000000008000978       0x6c ./Core/Src/rc522.o
                0x0000000008000978                Write_MFRC522
 .text.Read_MFRC522
                0x00000000080009e4       0x74 ./Core/Src/rc522.o
                0x00000000080009e4                Read_MFRC522
 .text.SetBitMask
                0x0000000008000a58       0x44 ./Core/Src/rc522.o
                0x0000000008000a58                SetBitMask
 .text.ClearBitMask
                0x0000000008000a9c       0x4e ./Core/Src/rc522.o
                0x0000000008000a9c                ClearBitMask
 .text.AntennaOn
                0x0000000008000aea       0x12 ./Core/Src/rc522.o
                0x0000000008000aea                AntennaOn
 .text.MFRC522_Reset
                0x0000000008000afc       0x12 ./Core/Src/rc522.o
                0x0000000008000afc                MFRC522_Reset
 .text.MFRC522_Init
                0x0000000008000b0e       0x42 ./Core/Src/rc522.o
                0x0000000008000b0e                MFRC522_Init
 .text.MFRC522_Request
                0x0000000008000b50       0x5e ./Core/Src/rc522.o
                0x0000000008000b50                MFRC522_Request
 .text.MFRC522_ToCard
                0x0000000008000bae      0x212 ./Core/Src/rc522.o
                0x0000000008000bae                MFRC522_ToCard
 .text.MFRC522_Anticoll
                0x0000000008000dc0       0xaa ./Core/Src/rc522.o
                0x0000000008000dc0                MFRC522_Anticoll
 *fill*         0x0000000008000e6a        0x2 
 .text.HAL_MspInit
                0x0000000008000e6c       0x48 ./Core/Src/stm32f0xx_hal_msp.o
                0x0000000008000e6c                HAL_MspInit
 .text.HAL_SPI_MspInit
                0x0000000008000eb4       0x98 ./Core/Src/stm32f0xx_hal_msp.o
                0x0000000008000eb4                HAL_SPI_MspInit
 .text.NMI_Handler
                0x0000000008000f4c        0x6 ./Core/Src/stm32f0xx_it.o
                0x0000000008000f4c                NMI_Handler
 .text.HardFault_Handler
                0x0000000008000f52        0x6 ./Core/Src/stm32f0xx_it.o
                0x0000000008000f52                HardFault_Handler
 .text.SVC_Handler
                0x0000000008000f58        0xa ./Core/Src/stm32f0xx_it.o
                0x0000000008000f58                SVC_Handler
 .text.PendSV_Handler
                0x0000000008000f62        0xa ./Core/Src/stm32f0xx_it.o
                0x0000000008000f62                PendSV_Handler
 .text.SysTick_Handler
                0x0000000008000f6c        0xe ./Core/Src/stm32f0xx_it.o
                0x0000000008000f6c                SysTick_Handler
 .text.SystemInit
                0x0000000008000f7a        0xa ./Core/Src/system_stm32f0xx.o
                0x0000000008000f7a                SystemInit
 .text.Reset_Handler
                0x0000000008000f84       0x50 ./Core/Startup/startup_stm32f030k6tx.o
                0x0000000008000f84                Reset_Handler
 .text.Default_Handler
                0x0000000008000fd4        0x2 ./Core/Startup/startup_stm32f030k6tx.o
                0x0000000008000fd4                TIM1_BRK_UP_TRG_COM_IRQHandler
                0x0000000008000fd4                I2C1_IRQHandler
                0x0000000008000fd4                SPI1_IRQHandler
                0x0000000008000fd4                EXTI2_3_IRQHandler
                0x0000000008000fd4                ADC1_IRQHandler
                0x0000000008000fd4                TIM17_IRQHandler
                0x0000000008000fd4                RTC_IRQHandler
                0x0000000008000fd4                TIM16_IRQHandler
                0x0000000008000fd4                TIM3_IRQHandler
                0x0000000008000fd4                EXTI4_15_IRQHandler
                0x0000000008000fd4                RCC_IRQHandler
                0x0000000008000fd4                DMA1_Channel1_IRQHandler
                0x0000000008000fd4                Default_Handler
                0x0000000008000fd4                TIM14_IRQHandler
                0x0000000008000fd4                DMA1_Channel4_5_IRQHandler
                0x0000000008000fd4                EXTI0_1_IRQHandler
                0x0000000008000fd4                WWDG_IRQHandler
                0x0000000008000fd4                DMA1_Channel2_3_IRQHandler
                0x0000000008000fd4                FLASH_IRQHandler
                0x0000000008000fd4                USART1_IRQHandler
                0x0000000008000fd4                TIM1_CC_IRQHandler
 *fill*         0x0000000008000fd6        0x2 
 .text.HAL_Init
                0x0000000008000fd8       0x28 ./Drivers/STM32F0xx_HAL_Driver/Src/stm32f0xx_hal.o
                0x0000000008000fd8                HAL_Init
 .text.HAL_InitTick
                0x0000000008001000       0x68 ./Drivers/STM32F0xx_HAL_Driver/Src/stm32f0xx_hal.o
                0x0000000008001000                HAL_InitTick
 .text.HAL_IncTick
                0x0000000008001068       0x24 ./Drivers/STM32F0xx_HAL_Driver/Src/stm32f0xx_hal.o
                0x0000000008001068                HAL_IncTick
 .text.HAL_GetTick
                0x000000000800108c       0x14 ./Drivers/STM32F0xx_HAL_Driver/Src/stm32f0xx_hal.o
                0x000000000800108c                HAL_GetTick
 .text.HAL_Delay
                0x00000000080010a0       0x48 ./Drivers/STM32F0xx_HAL_Driver/Src/stm32f0xx_hal.o
                0x00000000080010a0                HAL_Delay
 .text.__NVIC_SetPriority
                0x00000000080010e8       0xdc ./Drivers/STM32F0xx_HAL_Driver/Src/stm32f0xx_hal_cortex.o
 .text.SysTick_Config
                0x00000000080011c4       0x48 ./Drivers/STM32F0xx_HAL_Driver/Src/stm32f0xx_hal_cortex.o
 .text.HAL_NVIC_SetPriority
                0x000000000800120c       0x2a ./Drivers/STM32F0xx_HAL_Driver/Src/stm32f0xx_hal_cortex.o
                0x000000000800120c                HAL_NVIC_SetPriority
 .text.HAL_SYSTICK_Config
                0x0000000008001236       0x1a ./Drivers/STM32F0xx_HAL_Driver/Src/stm32f0xx_hal_cortex.o
                0x0000000008001236                HAL_SYSTICK_Config
 .text.HAL_GPIO_Init
                0x0000000008001250      0x2e0 ./Drivers/STM32F0xx_HAL_Driver/Src/stm32f0xx_hal_gpio.o
                0x0000000008001250                HAL_GPIO_Init
 .text.HAL_GPIO_WritePin
                0x0000000008001530       0x3a ./Drivers/STM32F0xx_HAL_Driver/Src/stm32f0xx_hal_gpio.o
                0x0000000008001530                HAL_GPIO_WritePin
 *fill*         0x000000000800156a        0x2 
 .text.HAL_RCC_OscConfig
                0x000000000800156c      0x634 ./Drivers/STM32F0xx_HAL_Driver/Src/stm32f0xx_hal_rcc.o
                0x000000000800156c                HAL_RCC_OscConfig
 .text.HAL_RCC_ClockConfig
                0x0000000008001ba0      0x19c ./Drivers/STM32F0xx_HAL_Driver/Src/stm32f0xx_hal_rcc.o
                0x0000000008001ba0                HAL_RCC_ClockConfig
 .text.HAL_RCC_GetSysClockFreq
                0x0000000008001d3c       0xcc ./Drivers/STM32F0xx_HAL_Driver/Src/stm32f0xx_hal_rcc.o
                0x0000000008001d3c                HAL_RCC_GetSysClockFreq
 .text.HAL_SPI_Init
                0x0000000008001e08      0x170 ./Drivers/STM32F0xx_HAL_Driver/Src/stm32f0xx_hal_spi.o
                0x0000000008001e08                HAL_SPI_Init
 .text.HAL_SPI_Transmit
                0x0000000008001f78      0x2b0 ./Drivers/STM32F0xx_HAL_Driver/Src/stm32f0xx_hal_spi.o
                0x0000000008001f78                HAL_SPI_Transmit
 .text.HAL_SPI_Receive
                0x0000000008002228      0x298 ./Drivers/STM32F0xx_HAL_Driver/Src/stm32f0xx_hal_spi.o
                0x0000000008002228                HAL_SPI_Receive
 .text.HAL_SPI_TransmitReceive
                0x00000000080024c0      0x3a4 ./Drivers/STM32F0xx_HAL_Driver/Src/stm32f0xx_hal_spi.o
                0x00000000080024c0                HAL_SPI_TransmitReceive
 .text.SPI_WaitFlagStateUntilTimeout
                0x0000000008002864      0x11c ./Drivers/STM32F0xx_HAL_Driver/Src/stm32f0xx_hal_spi.o
 .text.SPI_WaitFifoStateUntilTimeout
                0x0000000008002980      0x144 ./Drivers/STM32F0xx_HAL_Driver/Src/stm32f0xx_hal_spi.o
 .text.SPI_EndRxTransaction
                0x0000000008002ac4       0xbc ./Drivers/STM32F0xx_HAL_Driver/Src/stm32f0xx_hal_spi.o
 .text.SPI_EndRxTxTransaction
                0x0000000008002b80       0x8c ./Drivers/STM32F0xx_HAL_Driver/Src/stm32f0xx_hal_spi.o
 .text.__libc_init_array
                0x0000000008002c0c       0x48 /Applications/STM32CubeIDE.app/Contents/Eclipse/plugins/com.st.stm32cube.ide.mcu.externaltools.gnu-tools-for-stm32.10.3-2021.10.macos64_1.0.0.202111181127/tools/bin/../lib/gcc/arm-none-eabi/10.3.1/../../../../arm-none-eabi/lib/thumb/v6-m/nofp/libc_nano.a(lib_a-init.o)
                0x0000000008002c0c                __libc_init_array
 .text.memset   0x0000000008002c54       0x10 /Applications/STM32CubeIDE.app/Contents/Eclipse/plugins/com.st.stm32cube.ide.mcu.externaltools.gnu-tools-for-stm32.10.3-2021.10.macos64_1.0.0.202111181127/tools/bin/../lib/gcc/arm-none-eabi/10.3.1/../../../../arm-none-eabi/lib/thumb/v6-m/nofp/libc_nano.a(lib_a-memset.o)
                0x0000000008002c54                memset
 *(.glue_7)
 .glue_7        0x0000000008002c64        0x0 linker stubs
 *(.glue_7t)
 .glue_7t       0x0000000008002c64        0x0 linker stubs
 *(.eh_frame)
 .eh_frame      0x0000000008002c64        0x0 /Applications/STM32CubeIDE.app/Contents/Eclipse/plugins/com.st.stm32cube.ide.mcu.externaltools.gnu-tools-for-stm32.10.3-2021.10.macos64_1.0.0.202111181127/tools/bin/../lib/gcc/arm-none-eabi/10.3.1/thumb/v6-m/nofp/crtbegin.o
 *(.init)
 .init          0x0000000008002c64        0x4 /Applications/STM32CubeIDE.app/Contents/Eclipse/plugins/com.st.stm32cube.ide.mcu.externaltools.gnu-tools-for-stm32.10.3-2021.10.macos64_1.0.0.202111181127/tools/bin/../lib/gcc/arm-none-eabi/10.3.1/thumb/v6-m/nofp/crti.o
                0x0000000008002c64                _init
 .init          0x0000000008002c68        0x8 /Applications/STM32CubeIDE.app/Contents/Eclipse/plugins/com.st.stm32cube.ide.mcu.externaltools.gnu-tools-for-stm32.10.3-2021.10.macos64_1.0.0.202111181127/tools/bin/../lib/gcc/arm-none-eabi/10.3.1/thumb/v6-m/nofp/crtn.o
 *(.fini)
 .fini          0x0000000008002c70        0x4 /Applications/STM32CubeIDE.app/Contents/Eclipse/plugins/com.st.stm32cube.ide.mcu.externaltools.gnu-tools-for-stm32.10.3-2021.10.macos64_1.0.0.202111181127/tools/bin/../lib/gcc/arm-none-eabi/10.3.1/thumb/v6-m/nofp/crti.o
                0x0000000008002c70                _fini
 .fini          0x0000000008002c74        0x8 /Applications/STM32CubeIDE.app/Contents/Eclipse/plugins/com.st.stm32cube.ide.mcu.externaltools.gnu-tools-for-stm32.10.3-2021.10.macos64_1.0.0.202111181127/tools/bin/../lib/gcc/arm-none-eabi/10.3.1/thumb/v6-m/nofp/crtn.o
                0x0000000008002c7c                . = ALIGN (0x4)
                0x0000000008002c7c                _etext = .

.vfp11_veneer   0x0000000008002c7c        0x0
 .vfp11_veneer  0x0000000008002c7c        0x0 linker stubs

.v4_bx          0x0000000008002c7c        0x0
 .v4_bx         0x0000000008002c7c        0x0 linker stubs

.iplt           0x0000000008002c7c        0x0
 .iplt          0x0000000008002c7c        0x0 /Applications/STM32CubeIDE.app/Contents/Eclipse/plugins/com.st.stm32cube.ide.mcu.externaltools.gnu-tools-for-stm32.10.3-2021.10.macos64_1.0.0.202111181127/tools/bin/../lib/gcc/arm-none-eabi/10.3.1/thumb/v6-m/nofp/crtbegin.o

.rodata         0x0000000008002c7c       0x68
                0x0000000008002c7c                . = ALIGN (0x4)
 *(.rodata)
 .rodata        0x0000000008002c7c       0x37 ./Core/Src/main.o
 *fill*         0x0000000008002cb3        0x1 
 .rodata        0x0000000008002cb4       0x20 ./Drivers/STM32F0xx_HAL_Driver/Src/stm32f0xx_hal_rcc.o
 *(.rodata*)
 .rodata.AHBPrescTable
                0x0000000008002cd4       0x10 ./Core/Src/system_stm32f0xx.o
                0x0000000008002cd4                AHBPrescTable
                0x0000000008002ce4                . = ALIGN (0x4)

.rel.dyn        0x0000000008002ce4        0x0
 .rel.iplt      0x0000000008002ce4        0x0 /Applications/STM32CubeIDE.app/Contents/Eclipse/plugins/com.st.stm32cube.ide.mcu.externaltools.gnu-tools-for-stm32.10.3-2021.10.macos64_1.0.0.202111181127/tools/bin/../lib/gcc/arm-none-eabi/10.3.1/thumb/v6-m/nofp/crtbegin.o

.ARM.extab      0x0000000008002ce4        0x0
                0x0000000008002ce4                . = ALIGN (0x4)
 *(.ARM.extab* .gnu.linkonce.armextab.*)
                0x0000000008002ce4                . = ALIGN (0x4)

.ARM            0x0000000008002ce4        0x0
                0x0000000008002ce4                . = ALIGN (0x4)
                0x0000000008002ce4                __exidx_start = .
 *(.ARM.exidx*)
                0x0000000008002ce4                __exidx_end = .
                0x0000000008002ce4                . = ALIGN (0x4)

.preinit_array  0x0000000008002ce4        0x0
                0x0000000008002ce4                . = ALIGN (0x4)
                0x0000000008002ce4                PROVIDE (__preinit_array_start = .)
 *(.preinit_array*)
                0x0000000008002ce4                PROVIDE (__preinit_array_end = .)
                0x0000000008002ce4                . = ALIGN (0x4)

.init_array     0x0000000008002ce4        0x4
                0x0000000008002ce4                . = ALIGN (0x4)
                0x0000000008002ce4                PROVIDE (__init_array_start = .)
 *(SORT_BY_NAME(.init_array.*))
 *(.init_array*)
 .init_array    0x0000000008002ce4        0x4 /Applications/STM32CubeIDE.app/Contents/Eclipse/plugins/com.st.stm32cube.ide.mcu.externaltools.gnu-tools-for-stm32.10.3-2021.10.macos64_1.0.0.202111181127/tools/bin/../lib/gcc/arm-none-eabi/10.3.1/thumb/v6-m/nofp/crtbegin.o
                0x0000000008002ce8                PROVIDE (__init_array_end = .)
                0x0000000008002ce8                . = ALIGN (0x4)

.fini_array     0x0000000008002ce8        0x4
                0x0000000008002ce8                . = ALIGN (0x4)
                [!provide]                        PROVIDE (__fini_array_start = .)
 *(SORT_BY_NAME(.fini_array.*))
 *(.fini_array*)
 .fini_array    0x0000000008002ce8        0x4 /Applications/STM32CubeIDE.app/Contents/Eclipse/plugins/com.st.stm32cube.ide.mcu.externaltools.gnu-tools-for-stm32.10.3-2021.10.macos64_1.0.0.202111181127/tools/bin/../lib/gcc/arm-none-eabi/10.3.1/thumb/v6-m/nofp/crtbegin.o
                [!provide]                        PROVIDE (__fini_array_end = .)
                0x0000000008002cec                . = ALIGN (0x4)
                0x0000000008002cec                _sidata = LOADADDR (.data)

.data           0x0000000020000000        0xc load address 0x0000000008002cec
                0x0000000020000000                . = ALIGN (0x4)
                0x0000000020000000                _sdata = .
 *(.data)
 *(.data*)
 .data.SystemCoreClock
                0x0000000020000000        0x4 ./Core/Src/system_stm32f0xx.o
                0x0000000020000000                SystemCoreClock
 .data.uwTickPrio
                0x0000000020000004        0x4 ./Drivers/STM32F0xx_HAL_Driver/Src/stm32f0xx_hal.o
                0x0000000020000004                uwTickPrio
 .data.uwTickFreq
                0x0000000020000008        0x1 ./Drivers/STM32F0xx_HAL_Driver/Src/stm32f0xx_hal.o
                0x0000000020000008                uwTickFreq
 *(.RamFunc)
 *(.RamFunc*)
                0x000000002000000c                . = ALIGN (0x4)
 *fill*         0x0000000020000009        0x3 
                0x000000002000000c                _edata = .

.igot.plt       0x000000002000000c        0x0 load address 0x0000000008002cf8
 .igot.plt      0x000000002000000c        0x0 /Applications/STM32CubeIDE.app/Contents/Eclipse/plugins/com.st.stm32cube.ide.mcu.externaltools.gnu-tools-for-stm32.10.3-2021.10.macos64_1.0.0.202111181127/tools/bin/../lib/gcc/arm-none-eabi/10.3.1/thumb/v6-m/nofp/crtbegin.o
                0x000000002000000c                . = ALIGN (0x4)

.bss            0x000000002000000c       0x9c load address 0x0000000008002cf8
                0x000000002000000c                _sbss = .
                0x000000002000000c                __bss_start__ = _sbss
 *(.bss)
 .bss           0x000000002000000c       0x1c /Applications/STM32CubeIDE.app/Contents/Eclipse/plugins/com.st.stm32cube.ide.mcu.externaltools.gnu-tools-for-stm32.10.3-2021.10.macos64_1.0.0.202111181127/tools/bin/../lib/gcc/arm-none-eabi/10.3.1/thumb/v6-m/nofp/crtbegin.o
 *(.bss*)
 .bss.status    0x0000000020000028        0x1 ./Core/Src/main.o
                0x0000000020000028                status
 *fill*         0x0000000020000029        0x3 
 .bss.cardstr   0x000000002000002c       0x11 ./Core/Src/main.o
                0x000000002000002c                cardstr
 *fill*         0x000000002000003d        0x3 
 .bss.hspi1     0x0000000020000040       0x64 ./Core/Src/main.o
                0x0000000020000040                hspi1
 .bss.uwTick    0x00000000200000a4        0x4 ./Drivers/STM32F0xx_HAL_Driver/Src/stm32f0xx_hal.o
                0x00000000200000a4                uwTick
 *(COMMON)
                0x00000000200000a8                . = ALIGN (0x4)
                0x00000000200000a8                _ebss = .
                0x00000000200000a8                __bss_end__ = _ebss

._user_heap_stack
                0x00000000200000a8      0x600 load address 0x0000000008002cf8
                0x00000000200000a8                . = ALIGN (0x8)
                [!provide]                        PROVIDE (end = .)
                0x00000000200000a8                PROVIDE (_end = .)
                0x00000000200002a8                . = (. + _Min_Heap_Size)
 *fill*         0x00000000200000a8      0x200 
                0x00000000200006a8                . = (. + _Min_Stack_Size)
 *fill*         0x00000000200002a8      0x400 
                0x00000000200006a8                . = ALIGN (0x8)

/DISCARD/
 libc.a(*)
 libm.a(*)
 libgcc.a(*)

.ARM.attributes
                0x0000000000000000       0x28
 *(.ARM.attributes)
 .ARM.attributes
                0x0000000000000000       0x1e /Applications/STM32CubeIDE.app/Contents/Eclipse/plugins/com.st.stm32cube.ide.mcu.externaltools.gnu-tools-for-stm32.10.3-2021.10.macos64_1.0.0.202111181127/tools/bin/../lib/gcc/arm-none-eabi/10.3.1/thumb/v6-m/nofp/crti.o
 .ARM.attributes
                0x000000000000001e       0x2c /Applications/STM32CubeIDE.app/Contents/Eclipse/plugins/com.st.stm32cube.ide.mcu.externaltools.gnu-tools-for-stm32.10.3-2021.10.macos64_1.0.0.202111181127/tools/bin/../lib/gcc/arm-none-eabi/10.3.1/thumb/v6-m/nofp/crtbegin.o
 .ARM.attributes
                0x000000000000004a       0x2c ./Core/Src/lcd.o
 .ARM.attributes
                0x0000000000000076       0x2c ./Core/Src/main.o
 .ARM.attributes
                0x00000000000000a2       0x2c ./Core/Src/rc522.o
 .ARM.attributes
                0x00000000000000ce       0x2c ./Core/Src/stm32f0xx_hal_msp.o
 .ARM.attributes
                0x00000000000000fa       0x2c ./Core/Src/stm32f0xx_it.o
 .ARM.attributes
                0x0000000000000126       0x2c ./Core/Src/system_stm32f0xx.o
 .ARM.attributes
                0x0000000000000152       0x21 ./Core/Startup/startup_stm32f030k6tx.o
 .ARM.attributes
                0x0000000000000173       0x2c ./Drivers/STM32F0xx_HAL_Driver/Src/stm32f0xx_hal.o
 .ARM.attributes
                0x000000000000019f       0x2c ./Drivers/STM32F0xx_HAL_Driver/Src/stm32f0xx_hal_cortex.o
 .ARM.attributes
                0x00000000000001cb       0x2c ./Drivers/STM32F0xx_HAL_Driver/Src/stm32f0xx_hal_gpio.o
 .ARM.attributes
                0x00000000000001f7       0x2c ./Drivers/STM32F0xx_HAL_Driver/Src/stm32f0xx_hal_rcc.o
 .ARM.attributes
                0x0000000000000223       0x2c ./Drivers/STM32F0xx_HAL_Driver/Src/stm32f0xx_hal_spi.o
 .ARM.attributes
                0x000000000000024f       0x2c /Applications/STM32CubeIDE.app/Contents/Eclipse/plugins/com.st.stm32cube.ide.mcu.externaltools.gnu-tools-for-stm32.10.3-2021.10.macos64_1.0.0.202111181127/tools/bin/../lib/gcc/arm-none-eabi/10.3.1/../../../../arm-none-eabi/lib/thumb/v6-m/nofp/libc_nano.a(lib_a-init.o)
 .ARM.attributes
                0x000000000000027b       0x2c /Applications/STM32CubeIDE.app/Contents/Eclipse/plugins/com.st.stm32cube.ide.mcu.externaltools.gnu-tools-for-stm32.10.3-2021.10.macos64_1.0.0.202111181127/tools/bin/../lib/gcc/arm-none-eabi/10.3.1/../../../../arm-none-eabi/lib/thumb/v6-m/nofp/libc_nano.a(lib_a-memset.o)
 .ARM.attributes
                0x00000000000002a7       0x1e /Applications/STM32CubeIDE.app/Contents/Eclipse/plugins/com.st.stm32cube.ide.mcu.externaltools.gnu-tools-for-stm32.10.3-2021.10.macos64_1.0.0.202111181127/tools/bin/../lib/gcc/arm-none-eabi/10.3.1/thumb/v6-m/nofp/libgcc.a(_udivsi3.o)
 .ARM.attributes
                0x00000000000002c5       0x1e /Applications/STM32CubeIDE.app/Contents/Eclipse/plugins/com.st.stm32cube.ide.mcu.externaltools.gnu-tools-for-stm32.10.3-2021.10.macos64_1.0.0.202111181127/tools/bin/../lib/gcc/arm-none-eabi/10.3.1/thumb/v6-m/nofp/libgcc.a(_dvmd_tls.o)
 .ARM.attributes
                0x00000000000002e3       0x1e /Applications/STM32CubeIDE.app/Contents/Eclipse/plugins/com.st.stm32cube.ide.mcu.externaltools.gnu-tools-for-stm32.10.3-2021.10.macos64_1.0.0.202111181127/tools/bin/../lib/gcc/arm-none-eabi/10.3.1/thumb/v6-m/nofp/crtn.o
OUTPUT(RC522.elf elf32-littlearm)
LOAD linker stubs
LOAD /Applications/STM32CubeIDE.app/Contents/Eclipse/plugins/com.st.stm32cube.ide.mcu.externaltools.gnu-tools-for-stm32.10.3-2021.10.macos64_1.0.0.202111181127/tools/bin/../lib/gcc/arm-none-eabi/10.3.1/../../../../arm-none-eabi/lib/thumb/v6-m/nofp/libc.a
LOAD /Applications/STM32CubeIDE.app/Contents/Eclipse/plugins/com.st.stm32cube.ide.mcu.externaltools.gnu-tools-for-stm32.10.3-2021.10.macos64_1.0.0.202111181127/tools/bin/../lib/gcc/arm-none-eabi/10.3.1/../../../../arm-none-eabi/lib/thumb/v6-m/nofp/libm.a
LOAD /Applications/STM32CubeIDE.app/Contents/Eclipse/plugins/com.st.stm32cube.ide.mcu.externaltools.gnu-tools-for-stm32.10.3-2021.10.macos64_1.0.0.202111181127/tools/bin/../lib/gcc/arm-none-eabi/10.3.1/thumb/v6-m/nofp/libgcc.a

.debug_info     0x0000000000000000     0x5bb0
 .debug_info    0x0000000000000000      0x354 ./Core/Src/lcd.o
 .debug_info    0x0000000000000354      0xbe8 ./Core/Src/main.o
 .debug_info    0x0000000000000f3c      0xd07 ./Core/Src/rc522.o
 .debug_info    0x0000000000001c43      0x891 ./Core/Src/stm32f0xx_hal_msp.o
 .debug_info    0x00000000000024d4       0xda ./Core/Src/stm32f0xx_it.o
 .debug_info    0x00000000000025ae      0x269 ./Core/Src/system_stm32f0xx.o
 .debug_info    0x0000000000002817       0x22 ./Core/Startup/startup_stm32f030k6tx.o
 .debug_info    0x0000000000002839      0x69d ./Drivers/STM32F0xx_HAL_Driver/Src/stm32f0xx_hal.o
 .debug_info    0x0000000000002ed6      0x6db ./Drivers/STM32F0xx_HAL_Driver/Src/stm32f0xx_hal_cortex.o
 .debug_info    0x00000000000035b1      0x60e ./Drivers/STM32F0xx_HAL_Driver/Src/stm32f0xx_hal_gpio.o
 .debug_info    0x0000000000003bbf      0x888 ./Drivers/STM32F0xx_HAL_Driver/Src/stm32f0xx_hal_rcc.o
 .debug_info    0x0000000000004447     0x1769 ./Drivers/STM32F0xx_HAL_Driver/Src/stm32f0xx_hal_spi.o

.debug_abbrev   0x0000000000000000     0x14fd
 .debug_abbrev  0x0000000000000000      0x11d ./Core/Src/lcd.o
 .debug_abbrev  0x000000000000011d      0x2c0 ./Core/Src/main.o
 .debug_abbrev  0x00000000000003dd      0x29c ./Core/Src/rc522.o
 .debug_abbrev  0x0000000000000679      0x194 ./Core/Src/stm32f0xx_hal_msp.o
 .debug_abbrev  0x000000000000080d       0x74 ./Core/Src/stm32f0xx_it.o
 .debug_abbrev  0x0000000000000881      0x116 ./Core/Src/system_stm32f0xx.o
 .debug_abbrev  0x0000000000000997       0x12 ./Core/Startup/startup_stm32f030k6tx.o
 .debug_abbrev  0x00000000000009a9      0x23f ./Drivers/STM32F0xx_HAL_Driver/Src/stm32f0xx_hal.o
 .debug_abbrev  0x0000000000000be8      0x283 ./Drivers/STM32F0xx_HAL_Driver/Src/stm32f0xx_hal_cortex.o
 .debug_abbrev  0x0000000000000e6b      0x1bb ./Drivers/STM32F0xx_HAL_Driver/Src/stm32f0xx_hal_gpio.o
 .debug_abbrev  0x0000000000001026      0x283 ./Drivers/STM32F0xx_HAL_Driver/Src/stm32f0xx_hal_rcc.o
 .debug_abbrev  0x00000000000012a9      0x254 ./Drivers/STM32F0xx_HAL_Driver/Src/stm32f0xx_hal_spi.o

.debug_aranges  0x0000000000000000      0x660
 .debug_aranges
                0x0000000000000000       0x78 ./Core/Src/lcd.o
 .debug_aranges
                0x0000000000000078       0x40 ./Core/Src/main.o
 .debug_aranges
                0x00000000000000b8       0xa8 ./Core/Src/rc522.o
 .debug_aranges
                0x0000000000000160       0x30 ./Core/Src/stm32f0xx_hal_msp.o
 .debug_aranges
                0x0000000000000190       0x40 ./Core/Src/stm32f0xx_it.o
 .debug_aranges
                0x00000000000001d0       0x28 ./Core/Src/system_stm32f0xx.o
 .debug_aranges
                0x00000000000001f8       0x28 ./Core/Startup/startup_stm32f030k6tx.o
 .debug_aranges
                0x0000000000000220       0xd0 ./Drivers/STM32F0xx_HAL_Driver/Src/stm32f0xx_hal.o
 .debug_aranges
                0x00000000000002f0       0xc0 ./Drivers/STM32F0xx_HAL_Driver/Src/stm32f0xx_hal_cortex.o
 .debug_aranges
                0x00000000000003b0       0x58 ./Drivers/STM32F0xx_HAL_Driver/Src/stm32f0xx_hal_gpio.o
 .debug_aranges
                0x0000000000000408       0x80 ./Drivers/STM32F0xx_HAL_Driver/Src/stm32f0xx_hal_rcc.o
 .debug_aranges
                0x0000000000000488      0x1d8 ./Drivers/STM32F0xx_HAL_Driver/Src/stm32f0xx_hal_spi.o

.debug_ranges   0x0000000000000000      0x5a8
 .debug_ranges  0x0000000000000000       0x68 ./Core/Src/lcd.o
 .debug_ranges  0x0000000000000068       0x30 ./Core/Src/main.o
 .debug_ranges  0x0000000000000098       0x98 ./Core/Src/rc522.o
 .debug_ranges  0x0000000000000130       0x20 ./Core/Src/stm32f0xx_hal_msp.o
 .debug_ranges  0x0000000000000150       0x30 ./Core/Src/stm32f0xx_it.o
 .debug_ranges  0x0000000000000180       0x18 ./Core/Src/system_stm32f0xx.o
 .debug_ranges  0x0000000000000198       0x20 ./Core/Startup/startup_stm32f030k6tx.o
 .debug_ranges  0x00000000000001b8       0xc0 ./Drivers/STM32F0xx_HAL_Driver/Src/stm32f0xx_hal.o
 .debug_ranges  0x0000000000000278       0xb0 ./Drivers/STM32F0xx_HAL_Driver/Src/stm32f0xx_hal_cortex.o
 .debug_ranges  0x0000000000000328       0x48 ./Drivers/STM32F0xx_HAL_Driver/Src/stm32f0xx_hal_gpio.o
 .debug_ranges  0x0000000000000370       0x70 ./Drivers/STM32F0xx_HAL_Driver/Src/stm32f0xx_hal_rcc.o
 .debug_ranges  0x00000000000003e0      0x1c8 ./Drivers/STM32F0xx_HAL_Driver/Src/stm32f0xx_hal_spi.o

.debug_macro    0x0000000000000000    0x1030f
 .debug_macro   0x0000000000000000      0x1c0 ./Core/Src/lcd.o
 .debug_macro   0x00000000000001c0      0xa4e ./Core/Src/lcd.o
 .debug_macro   0x0000000000000c0e      0x12d ./Core/Src/lcd.o
 .debug_macro   0x0000000000000d3b       0x2e ./Core/Src/lcd.o
 .debug_macro   0x0000000000000d69       0x22 ./Core/Src/lcd.o
 .debug_macro   0x0000000000000d8b       0x22 ./Core/Src/lcd.o
 .debug_macro   0x0000000000000dad       0x8e ./Core/Src/lcd.o
 .debug_macro   0x0000000000000e3b       0x51 ./Core/Src/lcd.o
 .debug_macro   0x0000000000000e8c      0x103 ./Core/Src/lcd.o
 .debug_macro   0x0000000000000f8f       0x6a ./Core/Src/lcd.o
 .debug_macro   0x0000000000000ff9      0x1df ./Core/Src/lcd.o
 .debug_macro   0x00000000000011d8       0x1c ./Core/Src/lcd.o
 .debug_macro   0x00000000000011f4       0x22 ./Core/Src/lcd.o
 .debug_macro   0x0000000000001216       0xaf ./Core/Src/lcd.o
 .debug_macro   0x00000000000012c5      0x391 ./Core/Src/lcd.o
 .debug_macro   0x0000000000001656     0x6e67 ./Core/Src/lcd.o
 .debug_macro   0x00000000000084bd       0x66 ./Core/Src/lcd.o
 .debug_macro   0x0000000000008523     0x34a6 ./Core/Src/lcd.o
 .debug_macro   0x000000000000b9c9      0x174 ./Core/Src/lcd.o
 .debug_macro   0x000000000000bb3d       0x55 ./Core/Src/lcd.o
 .debug_macro   0x000000000000bb92      0x924 ./Core/Src/lcd.o
 .debug_macro   0x000000000000c4b6       0xe5 ./Core/Src/lcd.o
 .debug_macro   0x000000000000c59b      0x1af ./Core/Src/lcd.o
 .debug_macro   0x000000000000c74a       0xb3 ./Core/Src/lcd.o
 .debug_macro   0x000000000000c7fd      0x1a0 ./Core/Src/lcd.o
 .debug_macro   0x000000000000c99d      0x1ed ./Core/Src/lcd.o
 .debug_macro   0x000000000000cb8a       0x34 ./Core/Src/lcd.o
 .debug_macro   0x000000000000cbbe       0x43 ./Core/Src/lcd.o
 .debug_macro   0x000000000000cc01       0x28 ./Core/Src/lcd.o
 .debug_macro   0x000000000000cc29       0xb0 ./Core/Src/lcd.o
 .debug_macro   0x000000000000ccd9      0x15a ./Core/Src/lcd.o
 .debug_macro   0x000000000000ce33      0x22c ./Core/Src/lcd.o
 .debug_macro   0x000000000000d05f       0x61 ./Core/Src/lcd.o
 .debug_macro   0x000000000000d0c0       0xa5 ./Core/Src/lcd.o
 .debug_macro   0x000000000000d165       0x4c ./Core/Src/lcd.o
 .debug_macro   0x000000000000d1b1       0x2b ./Core/Src/lcd.o
 .debug_macro   0x000000000000d1dc      0x2fe ./Core/Src/lcd.o
 .debug_macro   0x000000000000d4da       0xf1 ./Core/Src/lcd.o
 .debug_macro   0x000000000000d5cb       0x6a ./Core/Src/lcd.o
 .debug_macro   0x000000000000d635       0x7c ./Core/Src/lcd.o
 .debug_macro   0x000000000000d6b1      0x338 ./Core/Src/main.o
 .debug_macro   0x000000000000d9e9       0x64 ./Core/Src/main.o
 .debug_macro   0x000000000000da4d       0x7c ./Core/Src/main.o
 .debug_macro   0x000000000000dac9       0x52 ./Core/Src/main.o
 .debug_macro   0x000000000000db1b       0x18 ./Core/Src/main.o
 .debug_macro   0x000000000000db33       0x3c ./Core/Src/main.o
 .debug_macro   0x000000000000db6f       0x34 ./Core/Src/main.o
 .debug_macro   0x000000000000dba3       0x16 ./Core/Src/main.o
 .debug_macro   0x000000000000dbb9       0x35 ./Core/Src/main.o
 .debug_macro   0x000000000000dbee      0x341 ./Core/Src/main.o
 .debug_macro   0x000000000000df2f       0x10 ./Core/Src/main.o
 .debug_macro   0x000000000000df3f       0x16 ./Core/Src/main.o
 .debug_macro   0x000000000000df55       0x43 ./Core/Src/main.o
 .debug_macro   0x000000000000df98       0x34 ./Core/Src/main.o
 .debug_macro   0x000000000000dfcc       0x10 ./Core/Src/main.o
 .debug_macro   0x000000000000dfdc       0x58 ./Core/Src/main.o
 .debug_macro   0x000000000000e034       0x71 ./Core/Src/main.o
 .debug_macro   0x000000000000e0a5       0x1c ./Core/Src/main.o
 .debug_macro   0x000000000000e0c1      0x12a ./Core/Src/main.o
 .debug_macro   0x000000000000e1eb       0x10 ./Core/Src/main.o
 .debug_macro   0x000000000000e1fb       0x1c ./Core/Src/main.o
 .debug_macro   0x000000000000e217       0x52 ./Core/Src/main.o
 .debug_macro   0x000000000000e269       0x22 ./Core/Src/main.o
 .debug_macro   0x000000000000e28b       0x10 ./Core/Src/main.o
 .debug_macro   0x000000000000e29b       0x52 ./Core/Src/main.o
 .debug_macro   0x000000000000e2ed       0xd5 ./Core/Src/main.o
 .debug_macro   0x000000000000e3c2       0x1c ./Core/Src/main.o
 .debug_macro   0x000000000000e3de       0x3d ./Core/Src/main.o
 .debug_macro   0x000000000000e41b       0x16 ./Core/Src/main.o
 .debug_macro   0x000000000000e431      0x145 ./Core/Src/main.o
 .debug_macro   0x000000000000e576      0x214 ./Core/Src/main.o
 .debug_macro   0x000000000000e78a      0x39b ./Core/Src/rc522.o
 .debug_macro   0x000000000000eb25       0x4c ./Core/Src/rc522.o
 .debug_macro   0x000000000000eb71       0x94 ./Core/Src/rc522.o
 .debug_macro   0x000000000000ec05       0x16 ./Core/Src/rc522.o
 .debug_macro   0x000000000000ec1b      0x10e ./Core/Src/rc522.o
 .debug_macro   0x000000000000ed29       0x8d ./Core/Src/rc522.o
 .debug_macro   0x000000000000edb6       0x57 ./Core/Src/rc522.o
 .debug_macro   0x000000000000ee0d       0x16 ./Core/Src/rc522.o
 .debug_macro   0x000000000000ee23       0x29 ./Core/Src/rc522.o
 .debug_macro   0x000000000000ee4c       0x1c ./Core/Src/rc522.o
 .debug_macro   0x000000000000ee68       0x16 ./Core/Src/rc522.o
 .debug_macro   0x000000000000ee7e       0x20 ./Core/Src/rc522.o
 .debug_macro   0x000000000000ee9e      0x1e5 ./Core/Src/rc522.o
 .debug_macro   0x000000000000f083      0x460 ./Core/Src/rc522.o
 .debug_macro   0x000000000000f4e3       0x4f ./Core/Src/rc522.o
 .debug_macro   0x000000000000f532      0x1bd ./Core/Src/stm32f0xx_hal_msp.o
 .debug_macro   0x000000000000f6ef      0x1c7 ./Core/Src/stm32f0xx_it.o
 .debug_macro   0x000000000000f8b6      0x1ae ./Core/Src/system_stm32f0xx.o
 .debug_macro   0x000000000000fa64      0x1d2 ./Drivers/STM32F0xx_HAL_Driver/Src/stm32f0xx_hal.o
 .debug_macro   0x000000000000fc36      0x1ae ./Drivers/STM32F0xx_HAL_Driver/Src/stm32f0xx_hal_cortex.o
 .debug_macro   0x000000000000fde4      0x1b5 ./Drivers/STM32F0xx_HAL_Driver/Src/stm32f0xx_hal_gpio.o
 .debug_macro   0x000000000000ff99      0x1c0 ./Drivers/STM32F0xx_HAL_Driver/Src/stm32f0xx_hal_rcc.o
 .debug_macro   0x0000000000010159      0x1b6 ./Drivers/STM32F0xx_HAL_Driver/Src/stm32f0xx_hal_spi.o

.debug_line     0x0000000000000000     0x8308
 .debug_line    0x0000000000000000      0xb05 ./Core/Src/lcd.o
 .debug_line    0x0000000000000b05      0xa23 ./Core/Src/main.o
 .debug_line    0x0000000000001528      0xde2 ./Core/Src/rc522.o
 .debug_line    0x000000000000230a      0x71d ./Core/Src/stm32f0xx_hal_msp.o
 .debug_line    0x0000000000002a27      0x735 ./Core/Src/stm32f0xx_it.o
 .debug_line    0x000000000000315c      0x740 ./Core/Src/system_stm32f0xx.o
 .debug_line    0x000000000000389c       0x89 ./Core/Startup/startup_stm32f030k6tx.o
 .debug_line    0x0000000000003925      0x94b ./Drivers/STM32F0xx_HAL_Driver/Src/stm32f0xx_hal.o
 .debug_line    0x0000000000004270      0x9f7 ./Drivers/STM32F0xx_HAL_Driver/Src/stm32f0xx_hal_cortex.o
 .debug_line    0x0000000000004c67      0xac8 ./Drivers/STM32F0xx_HAL_Driver/Src/stm32f0xx_hal_gpio.o
 .debug_line    0x000000000000572f      0xd37 ./Drivers/STM32F0xx_HAL_Driver/Src/stm32f0xx_hal_rcc.o
 .debug_line    0x0000000000006466     0x1ea2 ./Drivers/STM32F0xx_HAL_Driver/Src/stm32f0xx_hal_spi.o

.debug_str      0x0000000000000000    0x5b1bb
 .debug_str     0x0000000000000000    0x543f8 ./Core/Src/lcd.o
                                      0x54677 (size before relaxing)
 .debug_str     0x00000000000543f8     0x4985 ./Core/Src/main.o
                                      0x58ff9 (size before relaxing)
 .debug_str     0x0000000000058d7d     0x1381 ./Core/Src/rc522.o
                                      0x59f96 (size before relaxing)
 .debug_str     0x000000000005a0fe       0x63 ./Core/Src/stm32f0xx_hal_msp.o
                                      0x54954 (size before relaxing)
 .debug_str     0x000000000005a161       0x82 ./Core/Src/stm32f0xx_it.o
                                      0x544a1 (size before relaxing)
 .debug_str     0x000000000005a1e3       0x8b ./Core/Src/system_stm32f0xx.o
                                      0x543a7 (size before relaxing)
 .debug_str     0x000000000005a26e       0x36 ./Core/Startup/startup_stm32f030k6tx.o
                                         0x6b (size before relaxing)
 .debug_str     0x000000000005a2a4      0x48b ./Drivers/STM32F0xx_HAL_Driver/Src/stm32f0xx_hal.o
                                      0x54903 (size before relaxing)
 .debug_str     0x000000000005a72f      0x1d2 ./Drivers/STM32F0xx_HAL_Driver/Src/stm32f0xx_hal_cortex.o
                                      0x546f4 (size before relaxing)
 .debug_str     0x000000000005a901      0x118 ./Drivers/STM32F0xx_HAL_Driver/Src/stm32f0xx_hal_gpio.o
                                      0x54548 (size before relaxing)
 .debug_str     0x000000000005aa19      0x21a ./Drivers/STM32F0xx_HAL_Driver/Src/stm32f0xx_hal_rcc.o
                                      0x547e3 (size before relaxing)
 .debug_str     0x000000000005ac33      0x588 ./Drivers/STM32F0xx_HAL_Driver/Src/stm32f0xx_hal_spi.o
                                      0x54d11 (size before relaxing)

.comment        0x0000000000000000       0x50
 .comment       0x0000000000000000       0x50 ./Core/Src/lcd.o
                                         0x51 (size before relaxing)
 .comment       0x0000000000000050       0x51 ./Core/Src/main.o
 .comment       0x0000000000000050       0x51 ./Core/Src/rc522.o
 .comment       0x0000000000000050       0x51 ./Core/Src/stm32f0xx_hal_msp.o
 .comment       0x0000000000000050       0x51 ./Core/Src/stm32f0xx_it.o
 .comment       0x0000000000000050       0x51 ./Core/Src/system_stm32f0xx.o
 .comment       0x0000000000000050       0x51 ./Drivers/STM32F0xx_HAL_Driver/Src/stm32f0xx_hal.o
 .comment       0x0000000000000050       0x51 ./Drivers/STM32F0xx_HAL_Driver/Src/stm32f0xx_hal_cortex.o
 .comment       0x0000000000000050       0x51 ./Drivers/STM32F0xx_HAL_Driver/Src/stm32f0xx_hal_gpio.o
 .comment       0x0000000000000050       0x51 ./Drivers/STM32F0xx_HAL_Driver/Src/stm32f0xx_hal_rcc.o
 .comment       0x0000000000000050       0x51 ./Drivers/STM32F0xx_HAL_Driver/Src/stm32f0xx_hal_spi.o

.debug_frame    0x0000000000000000     0x154c
 .debug_frame   0x0000000000000000      0x180 ./Core/Src/lcd.o
 .debug_frame   0x0000000000000180       0xa8 ./Core/Src/main.o
 .debug_frame   0x0000000000000228      0x264 ./Core/Src/rc522.o
 .debug_frame   0x000000000000048c       0x70 ./Core/Src/stm32f0xx_hal_msp.o
 .debug_frame   0x00000000000004fc       0x9c ./Core/Src/stm32f0xx_it.o
 .debug_frame   0x0000000000000598       0x4c ./Core/Src/system_stm32f0xx.o
 .debug_frame   0x00000000000005e4      0x2a4 ./Drivers/STM32F0xx_HAL_Driver/Src/stm32f0xx_hal.o
 .debug_frame   0x0000000000000888      0x2a0 ./Drivers/STM32F0xx_HAL_Driver/Src/stm32f0xx_hal_cortex.o
 .debug_frame   0x0000000000000b28      0x110 ./Drivers/STM32F0xx_HAL_Driver/Src/stm32f0xx_hal_gpio.o
 .debug_frame   0x0000000000000c38      0x198 ./Drivers/STM32F0xx_HAL_Driver/Src/stm32f0xx_hal_rcc.o
 .debug_frame   0x0000000000000dd0      0x710 ./Drivers/STM32F0xx_HAL_Driver/Src/stm32f0xx_hal_spi.o
 .debug_frame   0x00000000000014e0       0x2c /Applications/STM32CubeIDE.app/Contents/Eclipse/plugins/com.st.stm32cube.ide.mcu.externaltools.gnu-tools-for-stm32.10.3-2021.10.macos64_1.0.0.202111181127/tools/bin/../lib/gcc/arm-none-eabi/10.3.1/../../../../arm-none-eabi/lib/thumb/v6-m/nofp/libc_nano.a(lib_a-init.o)
 .debug_frame   0x000000000000150c       0x20 /Applications/STM32CubeIDE.app/Contents/Eclipse/plugins/com.st.stm32cube.ide.mcu.externaltools.gnu-tools-for-stm32.10.3-2021.10.macos64_1.0.0.202111181127/tools/bin/../lib/gcc/arm-none-eabi/10.3.1/../../../../arm-none-eabi/lib/thumb/v6-m/nofp/libc_nano.a(lib_a-memset.o)
 .debug_frame   0x000000000000152c       0x20 /Applications/STM32CubeIDE.app/Contents/Eclipse/plugins/com.st.stm32cube.ide.mcu.externaltools.gnu-tools-for-stm32.10.3-2021.10.macos64_1.0.0.202111181127/tools/bin/../lib/gcc/arm-none-eabi/10.3.1/thumb/v6-m/nofp/libgcc.a(_udivsi3.o)
